C51 COMPILER V9.60.0.0   MAIN                                                              10/25/2021 17:17:09 PAGE 1   


C51 COMPILER V9.60.0.0, COMPILATION OF MODULE MAIN
OBJECT MODULE PLACED IN .\Objects\main.obj
COMPILER INVOKED BY: C:\Keil_v5\C51\BIN\C51.EXE main.c OPTIMIZE(8,SPEED) BROWSE DEBUG OBJECTEXTEND PRINT(.\Listings\main
                    -.lst) TABS(2) OBJECT(.\Objects\main.obj)

line level    source

   1          #include <REGX52.H>
   2          
   3          #define LEDC P1
   4          #define LEDDV P0
   5          
   6          char code CODE7SEG[] = {0xC0,0xF9,0xA4,0xB0,0x99,0x92,0x82,0xF8,0x80,0x90};
   7          
   8          void Delay_ms(unsigned int n)
   9          {
  10   1        unsigned int i,j;
  11   1        for(i=0;i<n;i = i+1)
  12   1        { for(j=0;j<123;j = j+1){}
  13   2        }
  14   1      }
  15          
  16          void PPGan()
  17          {
  18   1        unsigned int i, v, d;
  19   1        for(i = 0; i < 100; i = i+1)
  20   1          {
  21   2            v = i / 10;
  22   2            LEDC = CODE7SEG[v];
  23   2            d = i%10;
  24   2            LEDDV = CODE7SEG[d];
  25   2            Delay_ms(500);
  26   2          }
  27   1      }
  28          
  29          void main(void)
  30          {
  31   1        while(1)
  32   1        {
  33   2          PPGan();
  34   2        }
  35   1      } 


MODULE INFORMATION:   STATIC OVERLAYABLE
   CODE SIZE        =    127    ----
   CONSTANT SIZE    =     10    ----
   XDATA SIZE       =   ----    ----
   PDATA SIZE       =   ----    ----
   DATA SIZE        =   ----       6
   IDATA SIZE       =   ----    ----
   BIT SIZE         =   ----    ----
END OF MODULE INFORMATION.


C51 COMPILATION COMPLETE.  0 WARNING(S),  0 ERROR(S)
